nohup: ignoring input

> CallBlocker@0.0.1 start
> react-native start

warn Package react-native-sqlite-storage contains invalid configuration: "dependency.platforms.ios.project" is not allowed. Please verify it's properly linked using "npx react-native config" command and contact the package maintainers about this.
(node:48213) [DEP0040] DeprecationWarning: The `punycode` module is deprecated. Please use a userland alternative instead.
(Use `node --trace-deprecation ...` to show where the warning was created)
info Welcome to React Native v0.73
info Starting dev server on port 8081...

                        ▒▒▓▓▓▓▒▒
                     ▒▓▓▓▒▒░░▒▒▓▓▓▒
                  ▒▓▓▓▓░░░▒▒▒▒░░░▓▓▓▓▒
                 ▓▓▒▒▒▓▓▓▓▓▓▓▓▓▓▓▓▒▒▒▓▓
                 ▓▓░░░░░▒▓▓▓▓▓▓▒░░░░░▓▓
                 ▓▓░░▓▓▒░░░▒▒░░░▒▓▒░░▓▓
                 ▓▓░░▓▓▓▓▓▒▒▒▒▓▓▓▓▒░░▓▓
                 ▓▓░░▓▓▓▓▓▓▓▓▓▓▓▓▓▒░░▓▓
                 ▓▓▒░░▒▒▓▓▓▓▓▓▓▓▒░░░▒▓▓
                  ▒▓▓▓▒░░░▒▓▓▒░░░▒▓▓▓▒
                     ▒▓▓▓▒░░░░▒▓▓▓▒
                        ▒▒▓▓▓▓▒▒


                Welcome to Metro v0.80.12
              Fast - Scalable - Integrated


info React Native v0.84.1 is now available (your project is running on v0.73.0).
info Changelog: https://github.com/facebook/react-native/releases/tag/v0.84.1
info Diff: https://react-native-community.github.io/upgrade-helper/?from=0.84.1
info For more info, check out "https://reactnative.dev/docs/upgrading?os=linux".
info Dev server ready
